main.c:63:6:delay	16	static
main.c:70:6:Display_Rh	16	static
main.c:83:6:Set_Pin_Output	40	static
main.c:91:6:Set_Pin_Input	40	static
main.c:102:6:DHT11_Start	8	static
main.c:111:9:DHT11_Check_Response	16	static
main.c:123:9:DHT11_Read	16	static
main.c:142:5:main	8	static
main.c:201:6:SystemClock_Config	88	static
main.c:245:13:MX_TIM4_Init	32	static
main.c:290:13:MX_USART1_UART_Init	8	static
main.c:323:13:MX_USART2_UART_Init	8	static
main.c:356:13:MX_GPIO_Init	48	static
main.c:392:6:Error_Handler	4	static,ignoring_inline_asm
